#
# There is insufficient memory for the Java Runtime Environment to continue.
# Native memory allocation (mmap) failed to map 268435456 bytes. Error detail: G1 virtual space
# Possible reasons:
#   The system is out of physical RAM or swap space
#   This process is running with CompressedOops enabled, and the Java Heap may be blocking the growth of the native heap
# Possible solutions:
#   Reduce memory load on the system
#   Increase physical memory or swap space
#   Check if swap backing store is full
#   Decrease Java heap size (-Xmx/-Xms)
#   Decrease number of Java threads
#   Decrease Java thread stack sizes (-Xss)
#   Set larger code cache with -XX:ReservedCodeCacheSize=
#   JVM is running with Zero Based Compressed Oops mode in which the Java heap is
#     placed in the first 32GB address space. The Java Heap base address is the
#     maximum limit for the native heap growth. Please use -XX:HeapBaseMinAddress
#     to set the Java Heap base and to place the Java Heap above 32GB virtual address.
# This output file may be truncated or incomplete.
#
#  Out of Memory Error (os_windows.cpp:3618), pid=24876, tid=13492
#
# JRE version:  (17.0.17+10) (build )
# Java VM: OpenJDK 64-Bit Server VM (17.0.17+10, mixed mode, sharing, tiered, compressed oops, compressed class ptrs, g1 gc, windows-amd64)
# No core dump will be written. Minidumps are not enabled by default on client versions of Windows
#

---------------  S U M M A R Y ------------

Command Line: com.google.prefab.cli.AppKt --build-system cmake --platform android --abi arm64-v8a --os-version 24 --stl c++_shared --ndk-version 29 --output C:\\Users\\micro\\AppData\\Local\\Temp\\agp-prefab-staging11670051777784630181\\staged-cli-output C:\\Users\\micro\\.gradle\\caches\\8.13\\transforms\\3421528a3585c1e2bb8cd7397acdc003\\transformed\\react-android-0.83.1-debug\\prefab C:\\Users\\micro\\.gradle\\caches\\8.13\\transforms\\2611117b7ce03233d0f4383c385e19cc\\transformed\\hermes-android-0.14.0-debug\\prefab C:\\Users\\micro\\.gradle\\caches\\8.13\\transforms\\f382bf56e1a77f51501e61ce1581f0c3\\transformed\\fbjni-0.7.0\\prefab

Host: Intel(R) Core(TM) i7-8705G CPU @ 3.10GHz, 8 cores, 15G,  Windows 11 , 64 bit Build 26100 (10.0.26100.7705)
Time: Fri Feb  6 14:08:25 2026 W. Europe Standard Time elapsed time: 0.024205 seconds (0d 0h 0m 0s)

---------------  T H R E A D  ---------------

Current thread (0x0000024639c98560):  JavaThread "Unknown thread" [_thread_in_vm, id=13492, stack(0x000000e9c2e00000,0x000000e9c2f00000)]

Stack: [0x000000e9c2e00000,0x000000e9c2f00000]
Native frames: (J=compiled Java code, j=interpreted, Vv=VM code, C=native code)
V  [jvm.dll+0x683fb9]
V  [jvm.dll+0x83a1b5]
V  [jvm.dll+0x83bc2e]
V  [jvm.dll+0x83c2b3]
V  [jvm.dll+0x248eff]
V  [jvm.dll+0x680d79]
V  [jvm.dll+0x675b7a]
V  [jvm.dll+0x3091a7]
V  [jvm.dll+0x310776]
V  [jvm.dll+0x360bbe]
V  [jvm.dll+0x360dfd]
V  [jvm.dll+0x2e022c]
V  [jvm.dll+0x2e1138]
V  [jvm.dll+0x80c6cb]
V  [jvm.dll+0x36e841]
V  [jvm.dll+0x7eb2a5]
V  [jvm.dll+0x3f444b]
V  [jvm.dll+0x3f5f31]
C  [jli.dll+0x52d0]
C  [ucrtbase.dll+0x37b0]
C  [KERNEL32.DLL+0x2e8d7]
C  [ntdll.dll+0x8c40c]


---------------  P R O C E S S  ---------------

Threads class SMR info:
_java_thread_list=0x00007ffc4af87f58, length=0, elements={
}

Java Threads: ( => current thread )

Other Threads:
  0x0000024639d05e70 GCTaskThread "GC Thread#0" [stack: 0x000000e9c2f00000,0x000000e9c3000000] [id=22772]
  0x0000024639d18940 ConcurrentGCThread "G1 Main Marker" [stack: 0x000000e9c3000000,0x000000e9c3100000] [id=30636]
  0x0000024639d19a10 ConcurrentGCThread "G1 Conc#0" [stack: 0x000000e9c3100000,0x000000e9c3200000] [id=4872]

[error occurred during error reporting (printing all threads), id 0xc0000005, EXCEPTION_ACCESS_VIOLATION (0xc0000005) at pc=0x00007ffc4a740d57]

VM state: not at safepoint (not fully initialized)

VM Mutex/Monitor currently owned by a thread:  ([mutex/lock_event])
[0x0000024637a3e940] Heap_lock - owner thread: 0x0000024639c98560

Heap address: 0x0000000701400000, size: 4076 MB, Compressed Oops mode: Zero based, Oop shift amount: 3

CDS archive(s) mapped at: [0x0000000000000000-0x0000000000000000-0x0000000000000000), size 0, SharedBaseAddress: 0x0000000800000000, ArchiveRelocationMode: 1.
Narrow klass base: 0x0000000000000000, Narrow klass shift: 0, Narrow klass range: 0x0

GC Precious Log:
<Empty>

Heap:
 garbage-first heap   total 0K, used 0K [0x0000000701400000, 0x0000000800000000)
  region size 2048K, 0 young (0K), 0 survivors (0K)

[error occurred during error reporting (printing heap information), id 0xc0000005, EXCEPTION_ACCESS_VIOLATION (0xc0000005) at pc=0x00007ffc4ab2d5c9]

GC Heap History (0 events):
No events

Dll operation events (1 events):
Event: 0.017 Loaded shared library C:\Program Files\Eclipse Adoptium\jdk-17.0.17.10-hotspot\bin\java.dll

Deoptimization events (0 events):
No events

Classes loaded (0 events):
No events

Classes unloaded (0 events):
No events

Classes redefined (0 events):
No events

Internal exceptions (0 events):
No events

VM Operations (0 events):
No events

Memory protections (0 events):
No events

Nmethod flushes (0 events):
No events

Events (0 events):
No events


Dynamic libraries:
0x00007ff621c90000 - 0x00007ff621c9e000 	C:\Program Files\Eclipse Adoptium\jdk-17.0.17.10-hotspot\bin\java.exe
0x00007ffcf5440000 - 0x00007ffcf56a8000 	C:\WINDOWS\SYSTEM32\ntdll.dll
0x00007ffcbf280000 - 0x00007ffcbf2a0000 	C:\Program Files\AVG\Antivirus\aswhook.dll
0x00007ffcf4190000 - 0x00007ffcf4259000 	C:\WINDOWS\System32\KERNEL32.DLL
0x00007ffcf1e90000 - 0x00007ffcf2281000 	C:\WINDOWS\System32\KERNELBASE.dll
0x00007ffcf2290000 - 0x00007ffcf23db000 	C:\WINDOWS\System32\ucrtbase.dll
0x00007ffcd9f30000 - 0x00007ffcd9f48000 	C:\Program Files\Eclipse Adoptium\jdk-17.0.17.10-hotspot\bin\jli.dll
0x00007ffcf42e0000 - 0x00007ffcf44a6000 	C:\WINDOWS\System32\USER32.dll
0x00007ffcf2540000 - 0x00007ffcf2567000 	C:\WINDOWS\System32\win32u.dll
0x00007ffcf53d0000 - 0x00007ffcf53fb000 	C:\WINDOWS\System32\GDI32.dll
0x00007ffcf2f60000 - 0x00007ffcf308b000 	C:\WINDOWS\System32\gdi32full.dll
0x00007ffcf23e0000 - 0x00007ffcf2483000 	C:\WINDOWS\System32\msvcp_win.dll
0x00007ffcc60b0000 - 0x00007ffcc60ce000 	C:\Program Files\Eclipse Adoptium\jdk-17.0.17.10-hotspot\bin\VCRUNTIME140.dll
0x00007ffcd4d20000 - 0x00007ffcd4fb3000 	C:\WINDOWS\WinSxS\amd64_microsoft.windows.common-controls_6595b64144ccf1df_6.0.26100.7705_none_3e06597ae3363b04\COMCTL32.dll
0x00007ffcf4680000 - 0x00007ffcf4729000 	C:\WINDOWS\System32\msvcrt.dll
0x00007ffcf4150000 - 0x00007ffcf4181000 	C:\WINDOWS\System32\IMM32.DLL
0x00007ffcc60a0000 - 0x00007ffcc60ac000 	C:\Program Files\Eclipse Adoptium\jdk-17.0.17.10-hotspot\bin\vcruntime140_1.dll
0x00007ffcc5f80000 - 0x00007ffcc600d000 	C:\Program Files\Eclipse Adoptium\jdk-17.0.17.10-hotspot\bin\msvcp140.dll
0x00007ffc4a450000 - 0x00007ffc4b0bb000 	C:\Program Files\Eclipse Adoptium\jdk-17.0.17.10-hotspot\bin\server\jvm.dll
0x00007ffcf3460000 - 0x00007ffcf3514000 	C:\WINDOWS\System32\ADVAPI32.dll
0x00007ffcf4af0000 - 0x00007ffcf4b96000 	C:\WINDOWS\System32\sechost.dll
0x00007ffcf4900000 - 0x00007ffcf4a18000 	C:\WINDOWS\System32\RPCRT4.dll
0x00007ffcf31e0000 - 0x00007ffcf3254000 	C:\WINDOWS\System32\WS2_32.dll
0x00007ffcf1580000 - 0x00007ffcf15de000 	C:\WINDOWS\SYSTEM32\POWRPROF.dll
0x00007ffceb2d0000 - 0x00007ffceb305000 	C:\WINDOWS\SYSTEM32\WINMM.dll
0x00007ffceb310000 - 0x00007ffceb31b000 	C:\WINDOWS\SYSTEM32\VERSION.dll
0x00007ffcf1560000 - 0x00007ffcf1574000 	C:\WINDOWS\SYSTEM32\UMPDC.dll
0x00007ffcf0ad0000 - 0x00007ffcf0aeb000 	C:\WINDOWS\SYSTEM32\kernel.appcore.dll
0x00007ffcc5f70000 - 0x00007ffcc5f7a000 	C:\Program Files\Eclipse Adoptium\jdk-17.0.17.10-hotspot\bin\jimage.dll
0x00007ffce76d0000 - 0x00007ffce7912000 	C:\WINDOWS\SYSTEM32\DBGHELP.DLL
0x00007ffcf5030000 - 0x00007ffcf53b6000 	C:\WINDOWS\System32\combase.dll
0x00007ffcf3890000 - 0x00007ffcf3967000 	C:\WINDOWS\System32\OLEAUT32.dll
0x00007ffce5870000 - 0x00007ffce58ab000 	C:\WINDOWS\SYSTEM32\dbgcore.DLL
0x00007ffcf2490000 - 0x00007ffcf2535000 	C:\WINDOWS\System32\bcryptPrimitives.dll
0x00007ffcc5f40000 - 0x00007ffcc5f65000 	C:\Program Files\Eclipse Adoptium\jdk-17.0.17.10-hotspot\bin\java.dll

dbghelp: loaded successfully - version: 4.0.5 - missing functions: none
symbol engine: initialized successfully - sym options: 0x614 - pdb path: .;C:\Program Files\Eclipse Adoptium\jdk-17.0.17.10-hotspot\bin;C:\WINDOWS\SYSTEM32;C:\Program Files\AVG\Antivirus;C:\WINDOWS\WinSxS\amd64_microsoft.windows.common-controls_6595b64144ccf1df_6.0.26100.7705_none_3e06597ae3363b04;C:\Program Files\Eclipse Adoptium\jdk-17.0.17.10-hotspot\bin\server

VM Arguments:
java_command: com.google.prefab.cli.AppKt --build-system cmake --platform android --abi arm64-v8a --os-version 24 --stl c++_shared --ndk-version 29 --output C:\\Users\\micro\\AppData\\Local\\Temp\\agp-prefab-staging11670051777784630181\\staged-cli-output C:\\Users\\micro\\.gradle\\caches\\8.13\\transforms\\3421528a3585c1e2bb8cd7397acdc003\\transformed\\react-android-0.83.1-debug\\prefab C:\\Users\\micro\\.gradle\\caches\\8.13\\transforms\\2611117b7ce03233d0f4383c385e19cc\\transformed\\hermes-android-0.14.0-debug\\prefab C:\\Users\\micro\\.gradle\\caches\\8.13\\transforms\\f382bf56e1a77f51501e61ce1581f0c3\\transformed\\fbjni-0.7.0\\prefab
java_class_path (initial): C:\\Users\\micro\\.gradle\\caches\\modules-2\\files-2.1\\com.google.prefab\\cli\\2.1.0\\aa32fec809c44fa531f01dcfb739b5b3304d3050\\cli-2.1.0-all.jar
Launcher Type: SUN_STANDARD

[Global flags]
     intx CICompilerCount                          = 4                                         {product} {ergonomic}
     uint ConcGCThreads                            = 2                                         {product} {ergonomic}
     uint G1ConcRefinementThreads                  = 8                                         {product} {ergonomic}
   size_t G1HeapRegionSize                         = 2097152                                   {product} {ergonomic}
    uintx GCDrainStackTargetSize                   = 64                                        {product} {ergonomic}
   size_t InitialHeapSize                          = 268435456                                 {product} {ergonomic}
   size_t MarkStackSize                            = 4194304                                   {product} {ergonomic}
   size_t MaxHeapSize                              = 4273995776                                {product} {ergonomic}
   size_t MinHeapDeltaBytes                        = 2097152                                   {product} {ergonomic}
   size_t MinHeapSize                              = 8388608                                   {product} {ergonomic}
    uintx NonNMethodCodeHeapSize                   = 5839372                                {pd product} {ergonomic}
    uintx NonProfiledCodeHeapSize                  = 122909434                              {pd product} {ergonomic}
    uintx ProfiledCodeHeapSize                     = 122909434                              {pd product} {ergonomic}
    uintx ReservedCodeCacheSize                    = 251658240                              {pd product} {ergonomic}
     bool SegmentedCodeCache                       = true                                      {product} {ergonomic}
   size_t SoftMaxHeapSize                          = 4273995776                             {manageable} {ergonomic}
     bool UseCompressedClassPointers               = true                           {product lp64_product} {ergonomic}
     bool UseCompressedOops                        = true                           {product lp64_product} {ergonomic}
     bool UseG1GC                                  = true                                      {product} {ergonomic}
     bool UseLargePagesIndividualAllocation        = false                                  {pd product} {ergonomic}

Logging:
Log output configuration:
 #0: stdout all=warning uptime,level,tags
 #1: stderr all=off uptime,level,tags

Environment Variables:
JAVA_HOME=C:\Program Files\Eclipse Adoptium\jdk-17.0.17.10-hotspot
CLASSPATH=C:\Users\micro\Desktop\react-native-inbox\demo\android\\gradle\wrapper\gradle-wrapper.jar
PATH=C:\Users\micro\Desktop\react-native-inbox\demo\node_modules\.bin;C:\Users\micro\Desktop\react-native-inbox\demo\node_modules\.bin;C:\Users\micro\Desktop\react-native-inbox\node_modules\.bin;C:\Users\micro\Desktop\node_modules\.bin;C:\Users\micro\node_modules\.bin;C:\Users\node_modules\.bin;C:\node_modules\.bin;C:\Users\micro\AppData\Roaming\npm\node_modules\npm\node_modules\@npmcli\run-script\lib\node-gyp-bin;C:\Users\micro\Desktop\react-native-inbox\demo\node_modules\.bin;C:\Users\micro\Desktop\react-native-inbox\node_modules\.bin;C:\Users\micro\Desktop\node_modules\.bin;C:\Users\micro\node_modules\.bin;C:\Users\node_modules\.bin;C:\node_modules\.bin;C:\Users\micro\AppData\Roaming\npm\node_modules\npm\node_modules\@npmcli\run-script\lib\node-gyp-bin;C:\Program Files\Eclipse Adoptium\jdk-17.0.17.10-hotspot\bin;C:\Python314\Scripts\;C:\Python314\;C:\Program Files (x86)\Common Files\Intel\Shared Libraries\redist\intel64\compiler;C:\WINDOWS\system32;C:\WINDOWS;C:\WINDOWS\System32\Wbem;C:\WINDOWS\System32\WindowsPowerShell\v1.0\;C:\WINDOWS\System32\OpenSSH\;C:\ProgramData\chocolatey\bin;C:\Program Files (x86)\Java\jdk1.8.0_201\bin;C:\ProgramData\chocoportable\bin;C:\Program Files\TortoiseGit\bin;C:\Program Files\dotnet\;C:\Program Files\OpenJDK\jdk-25\bin;C:\Program Files\Git\cmd;C:\Program Files\nodejs\;C:\Program Files\Eclipse Adoptium\jdk-17.0.17.10-hotspot\bin;C:\Program Files\Common Files\Oracle\Java\javapath;C:\Program Files (x86)\Common Files\Intel\Shared Libraries\redist\intel64\compiler;C:\Program Files\ImageMagick-7.0.8-Q16;C:\Program Files (x86)\Common Files\Oracle\Java\javapath;C:\WINDOWS\system32;C:\WINDOWS;C:\WINDOWS\System32\Wbem;C:\WINDOWS\System32\WindowsPowerShell\v1.0\;C:\WINDOWS\System32\OpenSSH\;C:\ProgramData\chocolatey\bin;C:\Program Files\PuTTY\;C:\Program Files\Git\cmd;C:\Program Files\Microsoft VS Code\bin;C:\Program Files (x86)\Java\jdk1.8.0_201\bin;C:\ProgramData\chocoportable\bin;C:\Program Files\TortoiseGit\bin;C:\Program Files\nodejs\;C:\Program Files\dotnet\;C:\Program Files\OpenJDK\jdk-25\bin;;C:\Program Files\OpenJDK\jdk-25\bin;C:\Program Files\Eclipse Adoptium\jdk-17.0.17.10-hotspot\bin;C:\Users\micro\AppData\Roaming\npm;C:\Users\micro\AppData\Local\Programs\Windsurf\bin;c:\Users\micro\.windsurf\extensions\vscjava.vscode-java-debug-0.58.5-universal\bundled\scripts\noConfigScripts
USERNAME=micro
LANG=en_US.UTF-8
OS=Windows_NT
PROCESSOR_IDENTIFIER=Intel64 Family 6 Model 158 Stepping 9, GenuineIntel
TMP=C:\Users\micro\AppData\Local\Temp
TEMP=C:\Users\micro\AppData\Local\Temp



Periodic native trim disabled


---------------  S Y S T E M  ---------------

OS:
 Windows 11 , 64 bit Build 26100 (10.0.26100.7705)
OS uptime: 0 days 15:03 hours

CPU: total 8 (initial active 8) (4 cores per cpu, 2 threads per core) family 6 model 158 stepping 9 microcode 0xde, cx8, cmov, fxsr, ht, mmx, 3dnowpref, sse, sse2, sse3, ssse3, sse4.1, sse4.2, popcnt, lzcnt, tsc, tscinvbit, avx, avx2, aes, erms, clmul, bmi1, bmi2, adx, fma, vzeroupper, clflush, clflushopt
Processor Information for all 8 processors :
  Max Mhz: 3096, Current Mhz: 3096, Mhz Limit: 3096

Memory: 4k page, system-wide physical 16302M (1905M free)
TotalPageFile size 22270M (AvailPageFile size 91M)
current process WorkingSet (physical memory assigned to process): 12M, peak: 12M
current process commit charge ("private bytes"): 60M, peak: 316M

vm_info: OpenJDK 64-Bit Server VM (17.0.17+10) for windows-amd64 JRE (17.0.17+10), built on Oct 21 2025 23:25:32 by "admin" with unknown MS VC++:1942

END.
